// Jest Snapshot v1, https://goo.gl/fbAQLP

exports[`renders a button 1`] = `
<div>
  <span
    class="container avatar  Icon--avatar"
    data-testid="Icon--avatar"
    type="Icon--avatar"
  >
    widget-icon_concierge.svg
  </span>
</div>
`;

exports[`renders an img when src is provided  1`] = `
<div>
  <img
    alt=""
    aria-hidden="true"
    class="avatar "
    src="http://sauce"
  />
</div>
`;
