// Jest Snapshot v1, https://goo.gl/fbAQLP

exports[`renders a button 1`] = `
<div>
  <span
    class="undefined  Icon--avatar"
    type="Icon--avatar"
  >
    test-file-stub
  </span>
</div>
`;

exports[`renders an img when src is provided  1`] = `
<div>
  <img
    class="undefined "
    src="http://sauce"
  />
</div>
`;
