// Jest Snapshot v1, https://goo.gl/fbAQLP

exports[`default render matches snapshot 1`] = `
.c0 {
  display: -webkit-box;
  display: -webkit-flex;
  display: -ms-flexbox;
  display: flex;
  -webkit-align-items: flex-end;
  -webkit-box-align: flex-end;
  -ms-flex-align: flex-end;
  align-items: flex-end;
  -webkit-box-pack: justify;
  -webkit-justify-content: space-between;
  -ms-flex-pack: justify;
  justify-content: space-between;
}

<div>
  <div
    class="container"
  >
    <div
      class="header"
    >
      <h1
        class="title"
      >
        pageTitle
      </h1>
    </div>
    <div
      class="container"
    >
      <div
        class="content "
        data-testid="hc-article"
        lang="derp"
      >
        <h2
          class="title"
          data-testid="hc-article-title"
        >
          articleTitle
        </h2>
        <div
          class="article"
          data-testid="hc-article-body"
          role="presentation"
        />
      </div>
    </div>
    <footer
      class="footer footerShadow"
    >
      <div
        class="c0"
      >
        <a
          class="icon"
          data-testid="Icon--zendesk"
          href="https://www.zendesk.com/embeddables/?utm_source=webwidget&utm_medium=poweredbyzendesk&utm_campaign=image"
          tabindex="-1"
          target="_blank"
        >
          <svg
            realfilename="widget-icon_zendesk.svg"
            title="zendesk"
          />
        </a>
        <div
          class="container containerDesktop"
        >
          <div
            class="container buttonRight buttonGroup"
          >
            <button
              class="button index__c-btn___3y2Qe index__c-btn--primary___1YOfW "
              data-garden-id="buttons.button"
              data-garden-version="6.4.4"
              tabindex="0"
              type="button"
            >
              Leave us a message
            </button>
          </div>
        </div>
      </div>
    </footer>
  </div>
</div>
`;
