// Jest Snapshot v1, https://goo.gl/fbAQLP

exports[`OfflineMessage renders a label explaining that talk is offline 1`] = `
<div>
  <div
    class="container"
  >
    <div
      class="header"
    >
      <h1
        class="title"
      >
        title
      </h1>
    </div>
    <div
      class="container"
    >
      <p
        class="offline"
        data-testid="talk--offlinePage"
      >
        Offline message
      </p>
    </div>
    <footer
      class="footer"
    >
      <a
        class="icon"
        data-testid="Icon--zendesk"
        href="https://www.zendesk.com/embeddables/?utm_source=webwidget&utm_medium=poweredbyzendesk&utm_campaign=image"
        tabindex="-1"
        target="_blank"
      >
        <svg
          realfilename="widget-icon_zendesk.svg"
          title="zendesk"
        />
      </a>
    </footer>
  </div>
</div>
`;
