// Jest Snapshot v1, https://goo.gl/fbAQLP

exports[`rendering renders ChannelChoiceContainer correctly in mobile mode 1`] = `
Snapshot Diff:
- First value
+ Second value

@@ -4,1 +4,1 @@
-       class="container flexContainer desktop containerDesktop"
+       class="container flexContainer mobile"
@@ -6,1 +6,0 @@
-       style="height: 550px;"
@@ -13,1 +12,1 @@
-           class="title"
+           class="title titleMobile"
@@ -19,1 +18,1 @@
-         class="content newChannelChoiceContainer"
+         class="content newChannelChoiceContainer contentMobile"
@@ -24,1 +23,1 @@
-             class="inner"
+             class=""
@@ -29,1 +28,1 @@
-                 class="listItem"
+                 class="listItem listItemMobile"
@@ -63,1 +62,1 @@
-         class="footer  "
+         class="footer footerNoLogo "
@@ -67,27 +66,0 @@
-     <a
-       class="
-       logo
-       formSuccess
-       
-       
-     "
-       href="https://www.zendesk.com/embeddables/?utm_source=webwidget&utm_medium=poweredbyzendesk&utm_campaign=image"
-       tabindex="-1"
-       target="_blank"
-     >
-       <span
-         class="container icon Icon--zendesk"
-         data-testid="Icon--zendesk"
-         type="Icon--zendesk"
-       >
-         <svg
-           aria-hidden="true"
-           realfilename="widget-icon_zendesk.svg"
-         />
-       </span>
-       <span
-         class="hidden"
-       >
-         zendesk
-       </span>
-     </a>
`;

exports[`rendering renders ChannelChoiceContainer correctly with default props 1`] = `
<div>
  <div>
    <div
      class="container flexContainer desktop containerDesktop"
      data-testid="scroll-container"
      style="height: 550px;"
    >
      <header
        class="header userHeader"
        data-testid="scroll-container-header"
      >
        <h1
          class="title"
        >
          Support
        </h1>
      </header>
      <div
        class="content newChannelChoiceContainer"
        data-testid="scroll-container-content"
      >
        <div>
          <div
            class="inner"
            data-testid="channel-choice-container"
          >
            <ul>
              <li
                class="listItem"
                data-testid="list-item"
              >
                <button
                  class="
      container
      btn btnEnabled
      containerActionable
      Icon--channelChoice-contactForm
    "
                >
                  <span
                    class="container icon newIcon iconSubmitTicket Icon--channelChoice-contactForm"
                    data-testid="Icon--channelChoice-contactForm"
                    type="Icon--channelChoice-contactForm"
                  >
                    <svg
                      aria-hidden="true"
                      realfilename="widget-icon_channelChoice-contactForm.svg"
                    />
                  </span>
                  <span
                    class="label "
                    data-testid="label"
                  >
                    Leave a message
                  </span>
                </button>
              </li>
            </ul>
          </div>
        </div>
      </div>
      <footer
        class="footer  "
        data-testid="scroll-container-footer"
      />
    </div>
    <a
      class="
      logo
      formSuccess
      
      
    "
      href="https://www.zendesk.com/embeddables/?utm_source=webwidget&utm_medium=poweredbyzendesk&utm_campaign=image"
      tabindex="-1"
      target="_blank"
    >
      <span
        class="container icon Icon--zendesk"
        data-testid="Icon--zendesk"
        type="Icon--zendesk"
      >
        <svg
          aria-hidden="true"
          realfilename="widget-icon_zendesk.svg"
        />
      </span>
      <span
        class="hidden"
      >
        zendesk
      </span>
    </a>
  </div>
</div>
`;
