// Jest Snapshot v1, https://goo.gl/fbAQLP

exports[`answerBot root reducer has the expected sub states 1`] = `
Object {
  "contextualSearchFinished": false,
  "conversation": Object {
    "getInTouchVisible": false,
    "lastScreenClosed": 0,
    "lastScroll": 0,
  },
  "currentArticle": null,
  "currentContextualArticle": null,
  "currentMessage": "",
  "currentScreen": "conversation",
  "currentSessionID": null,
  "greeted": false,
  "initialFallbackSuggested": false,
  "messages": Map {},
  "questionValueChangedTime": null,
  "sessions": Map {},
}
`;
