// Jest Snapshot v1, https://goo.gl/fbAQLP

exports[`Attachment when uploading renders the uploading state 1`] = `
Snapshot Diff:
- First value
+ Second value

@@ -34,1 +34,1 @@
-             20 KB
+             Uploading...
@@ -58,0 +58,8 @@
+       </div>
+       <div
+         class="sc-fYxtnH MSqDA"
+       >
+         <div
+           class="sc-tilXH kepIRY"
+           data-testid="progress-bar"
+         />
`;
