// Jest Snapshot v1, https://goo.gl/fbAQLP

exports[`renders the expected classes 1`] = `
.c0 {
  display: inline-block;
  white-space: pre-wrap;
  border-radius: 1.1428571428571428rem;
  margin-left: 2.857142857142857rem;
  border-left: 0.07142857142857142rem #eee solid;
  border-right: 0.07142857142857142rem #eee solid;
  margin-bottom: 0.5rem;
  max-width: 18.428571428571427rem;
}

.c1 {
  cursor: pointer;
  border-bottom: 0.07142857142857142rem #eee solid;
  border-top: 0.07142857142857142rem #eee solid;
  border-top-left-radius: 1.1428571428571428rem;
  border-top-right-radius: 1.1428571428571428rem;
}

.c1:hover {
  background-color: #f8f8f8;
}

.c2 {
  cursor: pointer;
  border-bottom: 0.07142857142857142rem #eee solid;
  border-bottom-left-radius: 1.1428571428571428rem;
  border-bottom-right-radius: 1.1428571428571428rem;
}

.c2:hover {
  background-color: #f8f8f8;
}

<div>
  <div>
    <div
      class="message botMessage"
    >
      <div
        data-testid="chat-msg-answer-bot"
      >
        <div
          class="messageBubble messageBubble botBackground"
        >
          <span
            class="Linkify"
          >
            Here are some articles that may help:
          </span>
        </div>
      </div>
    </div>
    <div
      class="c0"
      data-testid="answer-bot-selection-message"
    >
      <div
        class="c1"
      >
        <div
          class="result"
          role="button"
          tabindex="0"
        >
          <div
            class="heading"
          >
            <span
              class="container icon Icon--article"
              data-testid="Icon--article"
              type="Icon--article"
            >
              <svg
                aria-hidden="true"
                realfilename="widget-icon_article.svg"
              />
            </span>
            <div
              class="optionText"
              data-testid="hc-article-title"
            >
              title 123
            </div>
          </div>
          <div
            class="snippet"
          >
            <div>
              to be filled later 123
            </div>
          </div>
        </div>
      </div>
      <div
        class="c2"
      >
        <div
          class="result"
          role="button"
          tabindex="0"
        >
          <div
            class="heading"
          >
            <span
              class="container icon Icon--article"
              data-testid="Icon--article"
              type="Icon--article"
            >
              <svg
                aria-hidden="true"
                realfilename="widget-icon_article.svg"
              />
            </span>
            <div
              class="optionText"
              data-testid="hc-article-title"
            >
              title 456
            </div>
          </div>
          <div
            class="snippet"
          >
            <div>
              to be filled later 456
            </div>
          </div>
        </div>
      </div>
    </div>
  </div>
</div>
`;
