// Jest Snapshot v1, https://goo.gl/fbAQLP

exports[`renders the expected classes 1`] = `
.c2 {
  display: inline-block;
  white-space: pre-wrap;
  border-radius: 1.1428571428571428rem;
  border-left: 0.07142857142857142rem #eee solid;
  border-right: 0.07142857142857142rem #eee solid;
  margin-bottom: 0.5rem;
  max-width: 18.428571428571427rem;
  margin-left: 2.857142857142857rem;
}

.c3 {
  cursor: pointer;
  border-bottom: 0.07142857142857142rem #eee solid;
  border-top: 0.07142857142857142rem #eee solid;
  border-top-left-radius: 1.1428571428571428rem;
  border-top-right-radius: 1.1428571428571428rem;
}

.c3:hover {
  background-color: #f8f8f8;
}

.c9 {
  cursor: pointer;
  border-bottom: 0.07142857142857142rem #eee solid;
  border-bottom-left-radius: 1.1428571428571428rem;
  border-bottom-right-radius: 1.1428571428571428rem;
}

.c9:hover {
  background-color: #f8f8f8;
}

.c0 {
  margin-bottom: 0.5rem;
  float: left;
  color: #333;
}

.c1 {
  margin-left: 2.857142857142857rem;
  background: #f3f3f3;
  max-width: 15.642857142857142rem !important;
}

.c5 {
  display: -webkit-box !important;
  display: -webkit-flex !important;
  display: -ms-flexbox !important;
  display: flex !important;
  -webkit-align-items: center !important;
  -webkit-box-align: center !important;
  -ms-flex-align: center !important;
  align-items: center !important;
  margin-bottom: 0.5714285714285714rem;
  overflow: hidden;
}

.c8 {
  display: -webkit-box !important;
  display: -webkit-flex !important;
  display: -ms-flexbox !important;
  display: flex !important;
  color: #777;
  overflow: hidden;
  max-height: 2.5rem;
}

.c7 {
  color: #007fab;
}

.c7:hover {
  -webkit-text-decoration: underline;
  text-decoration: underline;
}

.c4 {
  display: -webkit-box !important;
  display: -webkit-flex !important;
  display: -ms-flexbox !important;
  display: flex !important;
  padding: 0.8571428571428571rem 1rem;
  -webkit-flex-direction: column;
  -ms-flex-direction: column;
  flex-direction: column;
}

.c4:hover .icon svg path {
  stroke: #555 !important;
}

.c6 {
  margin-right: 0.7142857142857143rem;
  min-width: 1rem !important;
  width: 1rem !important;
  height: 1rem !important;
}

.c6 path {
  stroke: #999 !important;
}

<div>
  <div>
    <div>
      <div
        class="c0"
      >
        <div
          data-testid="chat-msg-answer-bot"
        >
          <div
            class="messageBubble c1"
          >
            <span
              class="Linkify"
            >
              Here are some articles that may help:
            </span>
          </div>
        </div>
      </div>
      <div
        class="c2"
        data-testid="answer-bot-selection-message"
      >
        <div
          class="c3"
        >
          <div
            class="c4"
            role="button"
            tabindex="0"
          >
            <div
              class="c5"
            >
              <svg
                class="c6"
                realfilename="article.svg"
              />
              <div
                class="c7"
                data-testid="hc-article-title"
              >
                title 123
              </div>
            </div>
            <div
              class="c8"
            >
              <div>
                to be filled later 123
              </div>
            </div>
          </div>
        </div>
        <div
          class="c9"
        >
          <div
            class="c4"
            role="button"
            tabindex="0"
          >
            <div
              class="c5"
            >
              <svg
                class="c6"
                realfilename="article.svg"
              />
              <div
                class="c7"
                data-testid="hc-article-title"
              >
                title 456
              </div>
            </div>
            <div
              class="c8"
            >
              <div>
                to be filled later 456
              </div>
            </div>
          </div>
        </div>
      </div>
    </div>
  </div>
</div>
`;
