// Jest Snapshot v1, https://goo.gl/fbAQLP

exports[`Alert renders a styled garden alert 1`] = `
.c0 {
  padding: 1rem 2.5714285714285716rem !important;
  border-radius: 0.2857142857142857rem;
  background-color: rgba(#d93f4c,0.1);
  padding-left: 2.5714285714285716rem !important;
  border: 0.07142857142857142rem solid #f5b5ba;
  color: #d93f4c;
  line-height: 1.4285714285714286rem;
  margin-bottom: 0.7142857142857143rem !important;
  background-position-y: 1.0714285714285714rem !important;
  background-position-x: 0.8571428571428571rem !important;
}

.c1 {
  font-size: 1rem;
}

<div>
  <div
    class="index__c-callout___K1eQ- index__c-callout--error___NED0s c0"
    data-garden-id="notifications.alert"
    data-garden-version="7.0.2"
    type="error"
  >
    <div
      class="index__c-callout__title___e5tnb c1"
      data-garden-id="notifications.title"
      data-garden-version="7.0.2"
    >
      Some title
    </div>
  </div>
</div>
`;
