// Jest Snapshot v1, https://goo.gl/fbAQLP

exports[`WidgetLauncher renders the component 1`] = `
<div>
  <button
    aria-haspopup="true"
    class="wrapper "
  >
    <span
      class="container icon  Icon"
      data-testid="Icon"
      type="Icon"
    >
      <svg
        aria-hidden="true"
        realfilename="widget-icon_help.svg"
      />
    </span>
    <span
      class="label "
      data-testid="launcher-label"
    >
      launcherLabel
    </span>
  </button>
</div>
`;
