// Jest Snapshot v1, https://goo.gl/fbAQLP

exports[`PhoneField focuses the input when dropdown is open 1`] = `
Snapshot Diff:
- First value
+ Second value

@@ -298,1 +298,1 @@
-             aria-labelledby="downshift-4-label"
+             aria-labelledby="downshift-3-label"
@@ -324,1 +324,1 @@
-                 aria-labelledby="downshift-4-label"
+                 aria-labelledby="downshift-3-label"
@@ -327,1 +327,1 @@
-                 id="downshift-4-input"
+                 id="downshift-3-input"
@@ -341,1 +341,1 @@
-                 aria-labelledby="downshift-4-label"
+                 aria-labelledby="downshift-3-label"
@@ -346,1 +346,1 @@
-                 id="downshift-4-menu"
+                 id="downshift-3-menu"
@@ -358,1 +358,1 @@
-                     id="downshift-4-item-0"
+                     id="downshift-3-item-0"
@@ -373,1 +373,1 @@
-                     id="downshift-4-item-1"
+                     id="downshift-3-item-1"
`;
