// Jest Snapshot v1, https://goo.gl/fbAQLP

exports[`PhoneField focuses the input when dropdown is open 1`] = `
Snapshot Diff:
- First value
+ Second value

@@ -204,1 +204,1 @@
-         class="sc-bwzfXH cTLzR Input-sc-4gf5js-0-div text__c-txt__input___2ZeOl text__c-txt__input--media___238Mn kFlDox"
+         class="sc-bwzfXH cTLzR Input-sc-4gf5js-0-div text__c-txt__input___2ZeOl text__c-txt__input--media___238Mn text__is-focused___3mc46 hDMyMD"
@@ -214,1 +214,1 @@
-             aria-expanded="false"
+             aria-expanded="true"
@@ -217,1 +217,1 @@
-             class="SelectView-gnmjk-0 ilfwUh Input-sc-4gf5js-0-div text__c-txt__input___2ZeOl text__c-txt__input--select___7_VcN kFlDox"
+             class="SelectView-gnmjk-0 ilfwUh Input-sc-4gf5js-0-div text__c-txt__input___2ZeOl text__c-txt__input--select___7_VcN text__is-focused___3mc46 text__is-open___1jG9_ hDMyMD"
@@ -222,0 +222,1 @@
+             open=""
`;
