// Jest Snapshot v1, https://goo.gl/fbAQLP

exports[`PhoneField focuses the input when dropdown is open 1`] = `
Snapshot Diff:
- First value
+ Second value

@@ -281,1 +281,1 @@
-           aria-labelledby="downshift-4-label"
+           aria-labelledby="downshift-3-label"
@@ -307,1 +307,1 @@
-               aria-labelledby="downshift-4-label"
+               aria-labelledby="downshift-3-label"
@@ -310,1 +310,1 @@
-               id="downshift-4-input"
+               id="downshift-3-input"
@@ -324,1 +324,1 @@
-               aria-labelledby="downshift-4-label"
+               aria-labelledby="downshift-3-label"
@@ -329,1 +329,1 @@
-               id="downshift-4-menu"
+               id="downshift-3-menu"
@@ -341,1 +341,1 @@
-                   id="downshift-4-item-0"
+                   id="downshift-3-item-0"
@@ -356,1 +356,1 @@
-                   id="downshift-4-item-1"
+                   id="downshift-3-item-1"
`;
