// Jest Snapshot v1, https://goo.gl/fbAQLP

exports[`WidgetHeader renders on desktop browsers 1`] = `
<div
  class="header"
>
  <h1
    class="title"
  >
    Hallo
  </h1>
</div>
`;

exports[`WidgetHeader renders on mobile browsers 1`] = `
Snapshot Diff:
- First value
+ Second value

@@ -1,4 +1,4 @@
  <div
-   class="header"
+   class="header headerMobile"
  >
    <h1
`;
