// Jest Snapshot v1, https://goo.gl/fbAQLP

exports[`PhoneOnlyPage on desktop renders when there is an average wait time 1`] = `
Snapshot Diff:
- First value
+ Second value

@@ -18,1 +18,1 @@
-         class="container containerMobile"
+         class="container"
`;

exports[`PhoneOnlyPage on desktop renders when there is no average wait time 1`] = `
Snapshot Diff:
- First value
+ Second value

@@ -30,5 +30,0 @@
-         <p
-           class="message"
-         >
-           10
-         </p>
`;

exports[`PhoneOnlyPage on mobile renders when there is an average wait time 1`] = `
<div>
  <div
    class="container"
  >
    <div
      class="header"
    >
      <h1
        class="title"
      >
        Phone only page
      </h1>
    </div>
    <div
      class="container"
    >
      <div
        class="container containerMobile"
        data-testid="talk--phoneOnlyPage"
      >
        <svgr-mock
          classname="talkIcon"
          iconfilename="talk.svg"
        />
        <p
          class="message"
        >
          Call us
        </p>
        <p
          class="message"
        >
          10
        </p>
        <div
          class="phoneNumber"
        >
          <a
            class="phoneLink"
            href="tel:+61412345678"
            target="_blank"
          >
            +61412 345 678
          </a>
        </div>
      </div>
    </div>
    <footer
      class="footer"
    >
      <a
        class="icon"
        data-testid="Icon--zendesk"
        href="https://www.zendesk.com/embeddables/?utm_source=webwidget&utm_medium=poweredbyzendesk&utm_campaign=image"
        tabindex="-1"
        target="_blank"
      >
        <svgr-mock
          iconfilename="widget-icon_zendesk.svg"
          title="zendesk"
        />
      </a>
    </footer>
  </div>
</div>
`;

exports[`PhoneOnlyPage on mobile renders when there is no average wait time 1`] = `
Snapshot Diff:
- First value
+ Second value

@@ -30,5 +30,0 @@
-         <p
-           class="message"
-         >
-           10
-         </p>
`;
