// Jest Snapshot v1, https://goo.gl/fbAQLP

exports[`renders correctly on desktop 1`] = `
<div>
  <div
    class="header"
    data-testid="page-header-container"
  >
    <h1
      class="title"
    >
      Search
    </h1>
    <div
      class="form"
    >
      <form
        class="form"
        novalidate=""
      >
        <div
          aria-invalid="false"
          class="desktopContainer StyledTextInput-sc-1ezxcjx-0-div text__c-txt__input___38pRd kFNGHY"
          data-garden-id="forms.faux_input"
          data-garden-version="6.4.4"
        >
          <label
            class="label StyledTextLabel-sc-1lq8qa5-0 text__c-txt__label___3wMPZ lmNEmJ"
            data-garden-id="forms.text_label"
            data-garden-version="6.4.4"
            for="garden-field-container-0--input"
            id="garden-field-container-0--label"
          >
            How can we help?
          </label>
          <input
            aria-describedby="garden-field-container-0--hint"
            aria-invalid="false"
            aria-labelledby="garden-field-container-0--label"
            autocapitalize="off"
            class="searchInput StyledTextInput-sc-1ezxcjx-0 text__c-txt__input___38pRd text__c-txt__input--bare___wp3DV icTNBi"
            data-garden-id="forms.input"
            data-garden-version="6.4.4"
            data-testid="search-field"
            id="garden-field-container-0--input"
            placeholder="How can we help?"
            type="search"
            value=""
          />
          <div
            class="desktopSearchOrLoading"
          >
            <span
              class="icon notFocused"
              data-testid="Icon--search"
              role="button"
              tabindex="0"
            >
              <svg
                realfilename="search.svg"
              />
            </span>
          </div>
        </div>
      </form>
    </div>
  </div>
</div>
`;

exports[`renders correctly on mobile 1`] = `
Snapshot Diff:
- First value
+ Second value

@@ -1,5 +1,5 @@
  <div>
    <div
-     class="header"
+     class="header headerMobile"
      data-testid="page-header-container"
    >
@@ -26,13 +26,13 @@
              data-garden-id="forms.text_label"
              data-garden-version="6.4.4"
-             for="garden-field-container-1--input"
-             id="garden-field-container-1--label"
+             for="garden-field-container-2--input"
+             id="garden-field-container-2--label"
            >
              How can we help?
            </label>
            <input
-             aria-describedby="garden-field-container-1--hint"
+             aria-describedby="garden-field-container-2--hint"
              aria-invalid="false"
-             aria-labelledby="garden-field-container-1--label"
+             aria-labelledby="garden-field-container-2--label"
              autocapitalize="off"
              class="searchInput StyledTextInput-sc-1ezxcjx-0 text__c-txt__input___38pRd text__c-txt__input--bare___wp3DV icTNBi"
@@ -40,5 +40,5 @@
              data-garden-version="6.4.4"
              data-testid="search-field"
-             id="garden-field-container-1--input"
+             id="garden-field-container-2--input"
              placeholder="How can we help?"
              type="search"
`;
