// Jest Snapshot v1, https://goo.gl/fbAQLP

exports[`it renders 1`] = `
<div>
  <div
    class="sc-cJSrbW NSxGa"
  >
    <svg
      alt="avatar"
      aria-hidden="true"
      realfilename="widget-icon_avatar.svg"
    />
    <div
      class="sc-ksYbfQ uGcjY"
    >
      <div
        class="sc-hmzhuo cRZjNr"
      >
        Agent Smith
      </div>
      <div
        class="sc-frDJqD crPKxA"
      >
        kill_neo_666@hotmail.com
      </div>
    </div>
  </div>
</div>
`;
