// Jest Snapshot v1, https://goo.gl/fbAQLP

exports[`new chat 1`] = `"<div><iframe title=\\"Find more information here\\" style=\\"background: transparent; z-index: 999999; transform: translateZ(0); position: fixed; opacity: 0; width: 357px; height: 100%; max-height: 565px; min-height: 150px; top: -9999px;\\" id=\\"webWidget\\" tabindex=\\"-1\\" class=\\"zEWidget-webWidget \\"></iframe></div>"`;
